#:defined? new-style              T
NumberOfAtoms              3
NameOfFile     Some file                                                                       
MeshCutoff          36.74899422             Ry
# above item originally: MeshCutoff          500.0000000     eV        
phonon-energy         0.4264063563E-01         eV
# above item originally: phonon-energy          344.0000000     cm**-1    
SomeInt        34     # default value
WmixValue         0.5500000119         # default value
FactorValue         0.3140000000E+11
Debug              F
DoIt              F     # default value
#:block? AtomicCoordinatesAndAtomicSpecies              T
#:defined? AtomicCoordinatesAndAtomicSpecies              T
%block AtomicCoordinatesAndAtomicSpecies
  0.000000  0.000000  0.000000  1                # Coordinates, species index
  1.431000  1.108000  0.000000  2
 -1.431000  1.108000  0.000000  2
%endblock AtomicCoordinatesAndAtomicSpecies
%block AtomicInfo
  0.333000  0.000000  0.000000
  1.500000  1.108000  0.000000
 -1.431000  1.108000  0.000000
%endblock AtomicInfo
%block Other-Block
  Nh   1.500000  1.108000  0.000000
  Ox   0.333000  0.000000  0.000000
  Pd  -1.431000  1.108000  0.000000
%endblock Other-Block
 #:(Backspace to) | Pd  -1.431000  1.108000  0.000000|
 #:(Backspace to) | Ox   0.333000  0.000000  0.000000|
 #:(Backspace to) | Nh   1.500000  1.108000  0.000000|
 #:(Backspace to) |%block Other-Block                                    # Read block|
%block Other-Block
  Nh   1.500000  1.108000  0.000000
  Ox   0.333000  0.000000  0.000000
  Pd  -1.431000  1.108000  0.000000
%endblock Other-Block
%block Other-Block
  Nh   1.500000  1.108000  0.000000
  Ox   0.333000  0.000000  0.000000
  Pd  -1.431000  1.108000  0.000000
%endblock Other-Block
%block ListBlock
  List1 [1,2,3 ,5 , 6 ] [-1,-3] [100 -- 10 step 7]
  List2 [ 1 to 5 , 4 ] [10 -- 20 step 4 , 3 ]
  List2 [ 1 to 5 , 4 , 2 to 10 , -2 to -20]
%endblock ListBlock
#:linteger? MyList              T
#:list? MyList              T
#:lreal? MyList              F
MyList             11
MyList             11
#:linteger? MyListOne              T
#:list? MyListOne              T
#:lreal? MyListOne              F
MyListOne              1
MyListOne              1
#:lreal? MyListR              T
#:list? MyListR              T
#:linteger? MyListR              F
MyListR              9
MyListR              9
#:lreal? MyListROne              T
#:list? MyListROne              T
#:linteger? MyListROne              F
MyListROne              1
MyListROne              1
#:list? externalentry              F
externalentry             99
AxisXY     Polar                                                                           
StatusXY     Enabled                                                                         
